// Vitest Snapshot v1, https://vitest.dev/guide/snapshot.html

exports[`capability discovery > matches the committed semantic surface snapshot 1`] = `
{
  "components": [
    {
      "actions": [
        {
          "available": true,
          "capabilityId": "view:devices.drawer.open",
          "confirmation": "never",
          "description": "Open the detail drawer for a device visible in the table",
          "effect": "local-state",
          "idempotent": false,
          "inputSchema": {
            "additionalProperties": false,
            "properties": {
              "deviceId": {
                "description": "Device to inspect; must be visible in the table",
                "type": "string",
              },
            },
            "required": [
              "deviceId",
            ],
            "type": "object",
          },
          "name": "open",
          "reversible": true,
        },
        {
          "available": false,
          "capabilityId": "view:devices.drawer.close",
          "confirmation": "never",
          "description": "Close the detail drawer",
          "effect": "local-state",
          "idempotent": true,
          "inputSchema": {
            "additionalProperties": false,
            "properties": {},
            "type": "object",
          },
          "name": "close",
          "reversible": true,
          "unavailableReason": "The drawer is not open",
        },
      ],
      "description": "Detail drawer for a single device",
      "instanceId": "default",
      "observations": [
        {
          "available": true,
          "capabilityId": "view:devices.drawer.readState",
          "description": "Which device the drawer is showing, if any",
          "name": "readState",
          "outputSchema": {
            "additionalProperties": false,
            "properties": {
              "openDeviceId": {
                "anyOf": [
                  {
                    "type": "string",
                  },
                  {
                    "type": "null",
                  },
                ],
              },
            },
            "required": [
              "openDeviceId",
            ],
            "type": "object",
          },
        },
      ],
      "registrationId": "<reg#1>",
      "type": "devices.drawer",
    },
    {
      "actions": [
        {
          "available": true,
          "capabilityId": "view:devices.filters.set",
          "confirmation": "never",
          "description": "Update one or both filters; omitted fields keep their current value. The table updates through the app's normal data flow.",
          "effect": "local-state",
          "idempotent": true,
          "inputSchema": {
            "additionalProperties": false,
            "properties": {
              "city": {
                "anyOf": [
                  {
                    "type": "string",
                  },
                  {
                    "type": "null",
                  },
                ],
                "description": "New city filter ("Milan", …); null clears it; omit to keep the current one",
              },
              "status": {
                "description": "New status filter; omit to keep the current one",
                "enum": [
                  "all",
                  "online",
                  "offline",
                  "disabled",
                ],
                "type": "string",
              },
            },
            "type": "object",
          },
          "name": "set",
          "reversible": true,
        },
      ],
      "description": "Status and city filters applied to the devices table",
      "instanceId": "default",
      "observations": [
        {
          "available": true,
          "capabilityId": "view:devices.filters.read",
          "description": "Currently active filters",
          "name": "read",
          "outputSchema": {
            "additionalProperties": false,
            "properties": {
              "city": {
                "anyOf": [
                  {
                    "type": "string",
                  },
                  {
                    "type": "null",
                  },
                ],
                "description": "Active city filter, or null for all cities",
              },
              "status": {
                "enum": [
                  "all",
                  "online",
                  "offline",
                  "disabled",
                ],
                "type": "string",
              },
            },
            "required": [
              "status",
              "city",
            ],
            "type": "object",
          },
        },
      ],
      "registrationId": "<reg#2>",
      "type": "devices.filters",
    },
    {
      "actions": [
        {
          "available": true,
          "capabilityId": "view:devices.table.selectRows",
          "confirmation": "never",
          "description": "Replace, extend or reduce the row selection. Ids must be visible in the table.",
          "effect": "local-state",
          "idempotent": false,
          "inputSchema": {
            "additionalProperties": false,
            "properties": {
              "ids": {
                "description": "Device ids to select; must be visible in the table",
                "items": {
                  "type": "string",
                },
                "type": "array",
              },
              "mode": {
                "description": "How to apply the ids to the current selection (default replace)",
                "enum": [
                  "replace",
                  "add",
                  "remove",
                ],
                "type": "string",
              },
            },
            "required": [
              "ids",
            ],
            "type": "object",
          },
          "name": "selectRows",
          "outputSchema": {
            "additionalProperties": false,
            "properties": {
              "selectedIds": {
                "items": {
                  "type": "string",
                },
                "type": "array",
              },
            },
            "required": [
              "selectedIds",
            ],
            "type": "object",
          },
          "reversible": true,
        },
        {
          "available": true,
          "capabilityId": "view:devices.table.sort",
          "confirmation": "never",
          "description": "Change the table sorting",
          "effect": "local-state",
          "idempotent": true,
          "inputSchema": {
            "additionalProperties": false,
            "properties": {
              "column": {
                "enum": [
                  "name",
                  "status",
                  "city",
                  "lastSeenAt",
                  "firmwareVersion",
                ],
                "type": "string",
              },
              "direction": {
                "enum": [
                  "asc",
                  "desc",
                ],
                "type": "string",
              },
            },
            "required": [
              "column",
              "direction",
            ],
            "type": "object",
          },
          "name": "sort",
          "reversible": true,
        },
      ],
      "description": "Table of devices matching the active filters",
      "instanceId": "default",
      "observations": [
        {
          "available": true,
          "capabilityId": "view:devices.table.readState",
          "description": "Visible rows (in view order), current selection, current sorting",
          "name": "readState",
          "outputSchema": {
            "additionalProperties": false,
            "properties": {
              "selectedIds": {
                "items": {
                  "type": "string",
                },
                "type": "array",
              },
              "sorting": {
                "anyOf": [
                  {
                    "additionalProperties": false,
                    "properties": {
                      "column": {
                        "enum": [
                          "name",
                          "status",
                          "city",
                          "lastSeenAt",
                          "firmwareVersion",
                        ],
                        "type": "string",
                      },
                      "direction": {
                        "enum": [
                          "asc",
                          "desc",
                        ],
                        "type": "string",
                      },
                    },
                    "required": [
                      "column",
                      "direction",
                    ],
                    "type": "object",
                  },
                  {
                    "type": "null",
                  },
                ],
              },
              "visibleRows": {
                "description": "Rows matching the active filters, in view order",
                "items": {
                  "additionalProperties": false,
                  "properties": {
                    "city": {
                      "type": "string",
                    },
                    "disabled": {
                      "type": "boolean",
                    },
                    "id": {
                      "type": "string",
                    },
                    "name": {
                      "type": "string",
                    },
                    "status": {
                      "enum": [
                        "online",
                        "offline",
                      ],
                      "type": "string",
                    },
                  },
                  "required": [
                    "id",
                    "name",
                    "status",
                    "city",
                    "disabled",
                  ],
                  "type": "object",
                },
                "type": "array",
              },
            },
            "required": [
              "visibleRows",
              "selectedIds",
              "sorting",
            ],
            "type": "object",
          },
        },
      ],
      "registrationId": "<reg#3>",
      "type": "devices.table",
    },
  ],
  "procedures": [
    {
      "available": false,
      "boundFields": [
        {
          "locked": true,
          "path": "deviceIds",
          "source": "ui-state",
        },
      ],
      "confirmation": "required",
      "context": {
        "instanceId": "default",
        "type": "devices.table",
      },
      "contextualNote": "Currently bound to the 0 selected device(s).",
      "description": "Disable the given devices. Destructive: they stop reporting data.",
      "effect": "destructive",
      "inputSchema": {
        "additionalProperties": false,
        "properties": {
          "reason": {
            "description": "Optional operator note for the audit trail",
            "maxLength": 200,
            "type": "string",
          },
        },
        "type": "object",
      },
      "outputSchema": {
        "additionalProperties": false,
        "properties": {
          "devices": {
            "items": {
              "additionalProperties": false,
              "properties": {
                "city": {
                  "type": "string",
                },
                "disabled": {
                  "type": "boolean",
                },
                "firmwareVersion": {
                  "type": "string",
                },
                "id": {
                  "type": "string",
                },
                "lastSeenAt": {
                  "type": "string",
                },
                "name": {
                  "type": "string",
                },
                "status": {
                  "enum": [
                    "online",
                    "offline",
                  ],
                  "type": "string",
                },
              },
              "required": [
                "id",
                "name",
                "status",
                "city",
                "lastSeenAt",
                "firmwareVersion",
                "disabled",
              ],
              "type": "object",
            },
            "type": "array",
          },
          "disabled": {
            "maximum": 9007199254740991,
            "minimum": -9007199254740991,
            "type": "integer",
          },
        },
        "required": [
          "disabled",
          "devices",
        ],
        "type": "object",
      },
      "procedureId": "domain:devices.disable",
      "registrationId": "<reg#4>",
      "unavailableReason": "Select at least one device first",
    },
  ],
  "route": {
    "path": "/",
  },
}
`;
